 

          **************************************************************
          *                                                            *
          *        ****   *****   *****   *    *  *    *  *****        *
          *       *    *  *    *  *    *  *   *   *   *   *    *       *
          *       *       *    *  *    *  *  *    *  *    *    *       *
          *        ****   *****   *****   * *     * *     *****        *
          *            *  *       *  *    ** *    ** *    *  *         *
          *       *    *  *       *   *   *   *   *   *   *   *        *
          *        ****   *       *    *  *    *  *    *  *    *       *
          *                                                            *
          *------------------------------------------------------------*
          *       KKRSCF  VERSION  9.7            (C) 2026  H. Ebert   *
          **************************************************************


          **************************************************************
          *                                                            *
          *                  PUBLIC VERSION                            *
          *                                                            *
          **************************************************************


          programm execution  on    21/09/2026    at   17:43:51

          Git branch       : master
          Git hash         : c433750ad2c6672227c5dd08ff86155e1063a70e
          Date of commit   : Mon Aug 3 18:23:35 2026 +0200
          Compiled on      : Linux podlozka 7.0.0-27-generic GNU/Linux
          Date of compile  : Mon Aug  3 23:09:20 CEST 2026

          MPI calculation with NPROCS = 4

          input file       : /home/logik/skola/kkr/ase2sprkkr/src/ase2sprkkr/examples/A05_Al_EOS/Al_SCF.inp


 *******************************************************************************
                                 <GETLRECREAL>
 *******************************************************************************

          record length parameter for REAL's   LRECREAL8 =  8
          a double precision real*8 is stored in 8 Bytes              



 *******************************************************************************
                                    <POTRD2>
 *******************************************************************************


          system dimension: 3D        
          system type:      BULK                          
          SCF status:       CONVERGED 



 *******************************************************************************
                               <INIT_MOD_LATTICE>
 *******************************************************************************

          initialize the module <MOD_LATTICE> according to SYSDIM = 3D

          set up basis vectors for reciprocal space 


          real space Bravais lattice: cubic       face-centered  m3m    O_h 

          primitive vectors for real space Bravais lattice

            (   0.00000,   0.50000,   0.50000 )
            (   0.50000,   0.00000,   0.50000 )
            (   0.50000,   0.50000,   0.00000 )

          basis vectors in units of a

            (   0.00000,   0.00000,   0.00000 )

          primitive vectors of reciprocal space Bravais lattice
                 in units of 2*pi/a

            (  -1.00000,   1.00000,   1.00000 )
            (   1.00000,  -1.00000,   1.00000 )
            (   1.00000,   1.00000,  -1.00000 )


 *******************************************************************************
                                   <SYMINIT>
 *******************************************************************************

          set up possible symmetry operations for the 
          real space Bravais lattice: cubic       face-centered  m3m    O_h 

          crystal system   7     CUB

          symmetry operations to scan       NSYM  48
          maximum possible symmetry operations    48

           T T T T T T T T T T T T T T T T T T T T T T T T
           T T T T T T T T T T T T T T T T T T T T T T T T


 *******************************************************************************
                                  <SYMLATTICE>
 *******************************************************************************

          find out symmetry properties of the lattice


          crystal system accepted symmetry operations      48
          accepted symmetry operations   NSYMACCEPTED      48
          operations NSYM (loops)        NSYM              48
          operations NSYM w/o INV        NSYM_WO_INV       24


       I    Euler angles  INV SYMBOL TIM     shift  ->DQ     Q' 
       1     0    0    0       E           0.00  0.00  0.00   1
       2     0  180  180       C2x         0.00  0.00  0.00   1
       3     0  180    0       C2y         0.00  0.00  0.00   1
       4     0    0  180       C2z         0.00  0.00  0.00   1
       5     0   90   90       C+31        0.00  0.00  0.00   1
       6   180   90  270       C+32        0.00  0.00  0.00   1
       7   180   90   90       C+33        0.00  0.00  0.00   1
       8     0   90  270       C+34        0.00  0.00  0.00   1
       9    90   90  180       C-31        0.00  0.00  0.00   1
      10   270   90    0       C-32        0.00  0.00  0.00   1
      11    90   90    0       C-33        0.00  0.00  0.00   1
      12   270   90  180       C-34        0.00  0.00  0.00   1
      13   270   90   90       C+4x        0.00  0.00  0.00   1
      14     0   90    0       C+4y        0.00  0.00  0.00   1
      15     0    0   90       C+4z        0.00  0.00  0.00   1
      16    90   90  270       C-4x        0.00  0.00  0.00   1
      17   180   90  180       C-4y        0.00  0.00  0.00   1
      18     0    0  270       C-4z        0.00  0.00  0.00   1
      19     0  180   90       C2a         0.00  0.00  0.00   1
      20     0  180  270       C2b         0.00  0.00  0.00   1
      21     0   90  180       C2c         0.00  0.00  0.00   1
      22    90   90   90       C2d         0.00  0.00  0.00   1
      23   180   90    0       C2e         0.00  0.00  0.00   1
      24   270   90  270       C2f         0.00  0.00  0.00   1
      25     0    0    0   I   I           0.00  0.00  0.00   1
      26     0  180  180   I   sx          0.00  0.00  0.00   1
      27     0  180    0   I   sy          0.00  0.00  0.00   1
      28     0    0  180   I   sz          0.00  0.00  0.00   1
      29     0   90   90   I   S-61        0.00  0.00  0.00   1
      30   180   90  270   I   S-62        0.00  0.00  0.00   1
      31   180   90   90   I   S-63        0.00  0.00  0.00   1
      32     0   90  270   I   S-64        0.00  0.00  0.00   1
      33    90   90  180   I   S+61        0.00  0.00  0.00   1
      34   270   90    0   I   S+62        0.00  0.00  0.00   1
      35    90   90    0   I   S+63        0.00  0.00  0.00   1
      36   270   90  180   I   S+64        0.00  0.00  0.00   1
      37   270   90   90   I   S-4x        0.00  0.00  0.00   1
      38     0   90    0   I   S-4y        0.00  0.00  0.00   1
      39     0    0   90   I   S-4z        0.00  0.00  0.00   1
      40    90   90  270   I   S+4x        0.00  0.00  0.00   1
      41   180   90  180   I   S+4y        0.00  0.00  0.00   1
      42     0    0  270   I   S+4z        0.00  0.00  0.00   1
      43     0  180   90   I   sda         0.00  0.00  0.00   1
      44     0  180  270   I   sdb         0.00  0.00  0.00   1
      45     0   90  180   I   sdc         0.00  0.00  0.00   1
      46    90   90   90   I   sdd         0.00  0.00  0.00   1
      47   180   90    0   I   sde         0.00  0.00  0.00   1
      48   270   90  270   I   sdf         0.00  0.00  0.00   1

          the detected  48 symmetry operations form a group


          BZ-wedges to be treated  NWEDGE   1
          created by operations  
           1  E   


 *******************************************************************************
                                    <SYMROT>
 *******************************************************************************

          set up of rotation matrices  DROT  for IREL = 1

          CHECK of rotation matrices   DROT  for COMPLEX spherical harmonics
          comparison of analytical and numerical results
          out of  1944 elements     0 deviate more than TOL =   1.0E-08
          maximum deviation found:    2.7E-14


 *******************************************************************************
 *******************************************************************************
                                <FPPICKRULES>
                  fix dimensions via the full potential picking rules
 *******************************************************************************
 *******************************************************************************


 *******************************************************************************
                                   <FPDIMENSIONS>
                  array sizes for full potential calculations
 *******************************************************************************

          NFPLIM =   3




 *******************************************************************************
                                  <INIT_RADII>
 *******************************************************************************


                   muffin tin and Wigner-Seitz radii

                   IM    RMT               RWS     final setting in  <INIT_RADII>
                    1  2.67247631632935  2.95399206993053

 *******************************************************************************
                                   <FPSPHERE>
 *******************************************************************************

          weighted spherical harmonics created for l_max =  4
          on a Lebedev integration mesh with  434  points on a sphere


 *******************************************************************************
                                   <SFNREADDIM>
                      array sizes for the shape functions
 *******************************************************************************

          increasing  NSFLIM from    1 to    8
          NSFLIM   =    8
          NPANLIM  =    4     NRSFLIM  =   21
          NFACELIM =   12     NVERTLIM =    4



 *******************************************************************************
                                 <POTRDSPR>
 *******************************************************************************

          POTFMTINP =  9

 SPR-KKR dataset created by KKRSCF                                               

          <SFNREAD>: shape function file Al_SCF.sfn  exists

          the shape functions have been read successfully
          from file: Al_SCF.sfn
          for meshes IM =   1  --  1

          radial mesh parameters:
           
          mesh   1
                                       DX =  0.02066832
                      JRNSMIN     1     R =  0.00000100
                      JRNS1     559     R =  0.10201975
                      JRMT      717     R =  2.67247632       2.67247632
          IPAN   0    JRCUT       0
          IPAN   1    JRCUT     717     R =  2.67247632       2.67247632
          IPAN   2    JRCUT     726     R =  3.08590984       3.08590984
          IPAN   3    JRCUT     729     R =  3.27310166       3.27310166
          IPAN   4    JRCUT     738     R =  3.77945225
                      JRCRI     738     R =  3.77945225
                      NRNS      179
           
          shape functions:
          NSF    8    NRSFTOT    21
          LM     1 ( 0,  0)  21 ( 4,  0)  25 ( 4,  4)  43 ( 6,  0)  47 ( 6,  4)
                73 ( 8,  0)  77 ( 8,  4)  81 ( 8,  8)

          Bravais lattice:                cubic       face-centered
          lattice constant  ALAT               7.55890
          number of sites   NQ                       1


          potential data for IT =  1 ..   1
          =================================

    1    0.000001  -25.999933    0.000000
   31    0.000002  -25.999875    0.000000
   61    0.000003  -25.999768    0.000000
   91    0.000006  -25.999568    0.000000
  121    0.000012  -25.999197    0.000000
  151    0.000022  -25.998507    0.000000
  181    0.000041  -25.997222    0.000000
  211    0.000077  -25.994831    0.000000
  241    0.000143  -25.990384    0.000000
  271    0.000265  -25.982105    0.000000
  301    0.000493  -25.966692    0.000000
  331    0.000916  -25.937970    0.000000
  361    0.001704  -25.884379    0.000000
  391    0.003167  -25.784183    0.000000
  421    0.005888  -25.596385    0.000000
  451    0.010946  -25.244066    0.000000
  481    0.020349  -24.588088    0.000000
  511    0.037829  -23.405212    0.000000
  541    0.070326  -21.427935    0.000000
  571    0.130737  -18.449789    0.000000
  601    0.243042  -14.383643    0.000000
  631    0.451821   -9.556628    0.000000
  661    0.839944   -5.191010    0.000000
  691    1.561472   -1.924866    0.000000
  721    2.827514   -0.045634    0.000000
  738    3.779452    0.000000    0.000000
  

                   paramagnetic calculation  B set to 0

                   SELFENERGY applied:NONE      


   number of lattice sites (NQ):   1

   site NL mesh MGAM MTET MPHI   RWS  CPA NOQ IT ELMT VAL CONC QREP SYMG eq.sit.
     1   3   1     0    0    0 2.9540  0   1                     1    1   1
                                               1 Al     3 1.00
   average                     2.9540          total    3.00

   KMROT:     0   no M-rotation          MOMENTS_ROTATED:  F
   QMVEC:   0.000  0.000  0.000



   number of atomic types  (NT):   1

   type TXTT   NL VAL COR mesh    RMT     RWS   NAT  CONC  on sites
     1  Al      3   3  10   1   2.6725  2.9540   1  1.000   1




 mmmmmmmmmmmmmmmmmmmmmmmmmmmmmmmmmmmmmmmmmmmmmmmmmmmmmmmmmmmmmmmmmmmmmmmmmmmmmmm

          SCALAR-relativistic calculation 

          the  BREIT interaction  will be ignored

          the  ORBITAL POLARISATION  will be ignored

          solver for     spherical SREL  equation: BS           TOL = 2.0E-08
          solver for NON-spherical SREL  equation: BORN         TOL = 1.0E-10
                                                                LIM =      10

          solver for spherical equation:     BS        
          solver for non-spherical equation: BORN      


          SWS =  2.953992     ALAT =  7.558905

          NQ =  1     NL =  3     NLM =   9   NQ*NLM =   9
                      NK =  3     NKM =   9     NKKR =   9     NLIN =   9

          POTFMTINP = 9     POTFMTOUT = 9
          RDTAU     = F
          WRTAU     = F
          PLOTPOT   = F     PLOTRHO   = F     PLOTSFN   = F
          PLOT2DPOT = F     PLOT2DRHO = F
          IPRINT    = 0     ITEST     = 0     WRMAT     = F
          INITELOOP = T     RUNELOOP  = T     SPLITSS   = F
          adjusted          BRAVAIS   = F
          symmetrized       BASIS     = F
          optimized         BASIS     = F
          NO_SYM for        HOST      = F     CLU       = F     LINRESP   = F
          symmetrize        MSS       = T     TAU       = F
                            RHO       = T     POT       = F
          LLOYD      = F
          GF_CONV_RH = T
          NONMAG     = T
          FULLPOT    = T
          FULLCHARGE = F

          TASK       = SCF       

          SYSDIM     = 3D        
          SYSTYPE    = BULK                          
          SUBSYSTEM  = BULK                          
          KKRMODE    = STANDARD-KKR                  

 eeeeeeeeeeeeeeeeeeeeeeeeeeeeeeeeeeeeeeeeeeeeeeeeeeeeeeeeeeeeeeeeeeeeeeeeeeeeeee

          energy path:  ARC IN COMPLEX PLANE                    
          energies  :          32
          E_min     :   -0.200000
          E_max     :    0.652952
          Im(E)     :    0.000000
          E_Fermi   :    0.652952
  

 *******************************************************************************
                                   <STRINIT>
 *******************************************************************************

          parameters for calculation of structure constants:

          primitive vectors for Bravais lattice

            (   0.00000,   0.50000,   0.50000 )
            (   0.50000,   0.00000,   0.50000 )
            (   0.50000,   0.50000,   0.00000 )

          basis vectors in units of a

            (   0.00000,   0.00000,   0.00000 )

          primitive vectors of reciprocal space
                 in units of 2*pi/a

            (  -1.00000,   1.00000,   1.00000 )
            (   1.00000,  -1.00000,   1.00000 )
            (   1.00000,   1.00000,  -1.00000 )

          number of inequivalent QQP-block-matrices  NQQP_STR     =       1
          reduced number of inequiv. block-matrices  NQQP_STR_RED =       1



          RMAX  =    2.4119          GMAX  =    4.5582
          RMAX1 =    0.0000          GMAX1 =    1.7321
          RA    =    2.4119          GA    =    4.5582

          NUMR  =         9          NUMG  =         7
          NRDL  =       225          NGRL  =       265

          for LMAX = 2    96 non-zero GAUNTS tabulated


 *******************************************************************************
            array sizes for calculation of structure constants
 *******************************************************************************
                                          used              available
          G-vectors table       NGRL       265        NGRLMAX     729
          R-vectors table       NRDL       225        NRDLMAX    1331
          R-vectors (max.)      SMAX       225        NSDL        225
          R-vectors (min.)      SMAX       225
          l-max + 1             NL           3        NLMAX         3
          sites                 NQ_STR       1        NQMAX         1
          q-q'-blocks           NQQP_STR     1        LIMIT         1
          auxilary array        R123MAX      4
          auxilary array        G123MAX      4
          Davis eq. (13)        J13MAX     113        LIMIT       300
          Davis eq. (22)        J22MAX      30        LIMIT       150
          Gaunts                LRGNT12     45
          Gaunts                LRGNT123    96
          Ewald parameter       ETA       0.39
 *******************************************************************************


          <INIT_MOD_STR>: section 1 of module MOD_STR initialized
          allocated         552  integers         89422  reals (incl. complex)
          corresp. to         0  Mbytes               0  Mbytes


 ttttttttttttttttttttttttttttttttttttttttttttttttttttttttttttttttttttttttttttttt

          parameters for k-space integration:
          NWEDGE:   1  wedges:  1
          regular k-mesh used for point sampling

          k-vectors to start  NKPTS0             12000
          k-vectors full BZ   NKTAB_FULL_BZ      10648
          mesh parameters     NBGL                22   22   22
          k-vectors created   NKTAB                328
          array size (NKTABMAX)                  14400



          ****************************
          no CPA-iteration required
          ****************************


 fffffffffffffffffffffffffffffffffffffffffffffffffffffffffffffffffffffffffffffff

          FILES:

          potential :  ( 4) Al.pot_new
  

 *******************************************************************************
 *******************************************************************************
                                <FPPICKRULES>
                  check the full potential picking rules
 *******************************************************************************
 *******************************************************************************


          shape functions:
  
          mesh   1
          NSF    8
          LM     1 ( 0,  0)  21 ( 4,  0)  25 ( 4,  4)  43 ( 6,  0)  47 ( 6,  4)
                73 ( 8,  0)  77 ( 8,  4)  81 ( 8,  8)

          full potential parameters:
  
          atom type   1    Al
          NFP    3    mesh IM     1
          LM     1 ( 0,  0)  21 ( 4,  0)  25 ( 4,  4)

          settings for picking rules from input    OK


          <FPPICKRULES> done for MODE = CHECK


 *******************************************************************************
                                   <FPCOUPL>
 *******************************************************************************


          for LMAX = 2    96 non-zero GAUNTS tabulated


          IT =  1   Al

          LM     1 ( 0,  0)  21 ( 4,  0)  25 ( 4,  4)

          NBLK        9
          IBLKIKM     1  2  3  4  5  6  7  8  9
          ISOLIKM     1  1  1  1  1  1  1  1  1
  
          IBLK =  1  A    NSOL =  1    IKM:   1
          IBLK =  2  B    NSOL =  1    IKM:   2
          IBLK =  3  C    NSOL =  1    IKM:   3
          IBLK =  4  D    NSOL =  1    IKM:   4
          IBLK =  5  E    NSOL =  1    IKM:   5
          IBLK =  6  F    NSOL =  1    IKM:   6
          IBLK =  7  G    NSOL =  1    IKM:   7
          IBLK =  8  H    NSOL =  1    IKM:   8
          IBLK =  9  I    NSOL =  1    IKM:   9

          wave function coupling scheme

          #|  | 2   4|   6   8  |
           | 1|   3  | 5   7   9|
         --|--|------|----------|
          1| A|      |          |  1
         --|--|------|----------|
          2|  | B    |          |  2
          3|  |   C  |          |  3
          4|  |     D|          |  4
         --|--|------|----------|
          5|  |      | E        |  5
          6|  |      |   F      |  6
          7|  |      |     G    |  7
          8|  |      |       H  |  8
          9|  |      |         I|  9
         --|--|------|----------|
           | 1|   3  | 5   7   9|
          #|  | 2   4|   6   8  |
  


 *******************************************************************************
                            parameters for SCF-cycle
 *******************************************************************************
          pot-file  :  Al.pot_new_new
          XC-pot    :  VWN       
          SCF-alg   :  BROYDEN2  
          SCF-niter :         200
          SCF-mix   :          0.2000000000
          SCF-tol   :          0.0000100000
          BREIT-int :    F
          OP-scheme :  NONE      
          FULLPOT   :    T
          LLOYD     :    F
          NFCOR     :    F
          TETDEPPOT :    F


 *******************************************************************************
                                  <SCFMAD3D>
 *******************************************************************************

          set up Madelung matrix for 3D-bulk calculations

          NLVMAD =   5     NLMVMAD =  25
          NLQMAD =   5     NLMQMAD =  25



 *******************************************************************************
                                <SCFMAD3D_SMAT>
 *******************************************************************************

          calculate Madelung potential matrices 

          relative tolerance imposed   1.0E-12


          primitive vectors for Bravais lattice

            (   0.00000,   0.50000,   0.50000 )
            (   0.50000,   0.00000,   0.50000 )
            (   0.50000,   0.50000,   0.00000 )

          basis vectors in units of a

            (   0.00000,   0.00000,   0.00000 )

          primitive vectors of reciprocal space
                 in units of 2*pi/a

            (  -0.83123,   0.83123,   0.83123 )
            (   0.83123,  -0.83123,   0.83123 )
            (   0.83123,   0.83123,  -0.83123 )

          summations converged after   1 updates for

          lattice constant    ALAT:   7.558904503347710
          RMAX:  30.23562     GMAX:   3.77039
          NUMR:        15     NUMG:         9


 *******************************************************************************
                    BROYDEN - mixing scheme for SCF - cycle

          broyden's method # 2 used
          iterationdepth to accumulate the jacobian:   40
          broyden used after   1 iteration different mix

          straight mixing factor used:       0.2000000
          parameter for broyden-update:      0.2000000
 *******************************************************************************



 *******************************************************************************
                                 <THERMAL_INIT>
 *******************************************************************************


     No. of displacements:           1
     mode to set dirs INIT_SVEC      0
     type-dependent  RMSU_SCALE      F
     Debye temperature:         394.00 [K]

     FLUCT_DIR_SETTING: not set   
     allowed input: SETFLUCT = M_T, MCS, RDLM, MLIN
     N_TEMP_LAT:                 1
     TEMP_LAT_MIN:           0.000
     TEMP_LAT_MAX:           0.000

       1 temperatures in the range  T =     0.00 --     0.00 [K]

     NO thermal lattice vibrations NOR spin fluctuations to deal with

     setting of parameters and array dimensions

     NVIBFLU  =     1      NT      =     1
     NVT      =     1      NVTMAX  =     1
     NFT      =     1      NFTMAX  =     1
     NVFT     =     1      NVFTMAX =     1


  ATOM   IT      :     1
  ATOMIC NUMBER  :    13

  IT          MUE  KAP ITER      ENERGY        B (k-Gauss)      <S_z>  
   1   1s1/2 -1/2  -1   6    -109.53482994      -345273.095    -0.997
   1   1s1/2  1/2  -1   1    -109.53482994       345273.095     0.997
                                                      0.000     0.000

   1   2s1/2 -1/2  -1  12      -6.88973198       -23354.343    -1.000
   1   2s1/2  1/2  -1   1      -6.88973198        23354.343     1.000
                                                      0.000     0.000

   1   2p3/2 -3/2  -2  18      -4.10090931        -3548.142    -1.000
   1   2p3/2 -1/2  -2   1      -4.10090931        -1182.714    -0.333
   1   2p1/2 -1/2   1   4      -4.13327351        -6012.341     0.333
   1   2p3/2  1/2  -2   1      -4.10090931         1182.714     0.333
   1   2p1/2  1/2   1   1      -4.13327351         6012.341    -0.333
   1   2p3/2  3/2  -2   1      -4.10090931         3548.142     1.000
                                                     -0.000     0.000

  ---------------------------------------------------------
                                                     -0.000
                                      (S)             0.000
  *********************************************************


          integrated core charge density for atom type    1: 10.00000000
          integrated core  spin  density for atom type    1: -0.00000000

 <SCF>:     TOTNOS       0.0000000000  TOTNOSX      1.5000013071
 <SCF>:     TOTDOSEF     2.1333284500  TOTDOSEFX    2.1333284500

 <CHRDNS>:  TOTNOS       1.5000013071  DQ           0.0000013071
 <CHRDNS>:  TOTDOS       2.1333284500  TOTDOSX      2.1333284500


 *******************************************************************************

 SPRKKR-run for: System:

 results extrapolated to corrected Fermi energy:
 CHARGE MISFIT       0.00000131 els.
 E_F CORRECTION     -0.00000061
 NEW FERMI ENERGY    0.65295156


  33 E= 0.6530 0.0000          IT=   1  Al      
         DOS      NOS     P_spin   m_spin    P_orb    m_orb     B_val      B_core
  s    0.6011   0.5610    0.0000   0.0000   0.00000  0.00000     0.00 s      0.00
  p    0.8307   0.7277    0.0000   0.0000   0.00000  0.00000     0.00 ns     0.00
  d    0.6834   0.2162    0.0000   0.0000   0.00000  0.00000     0.00 cor    0.00
 mix   0.0181  -0.0049    0.0000   0.0000   0.00000  0.00000     0.00 v+c
 sum   2.1333   1.5000    0.0000   0.0000   0.00000  0.00000     0.00 v+c   -0.00
 -------------------------------------------------------------------------------
 TOT   2.1333   1.5000             0.0000            0.00000
 E_band         0.95621883 [Ry]
 ===============================================================================

          integrals in <CHRDNS> agree within   1.0E-10


 <FPCHRDNS>:  check integrals for RHO2NS from core solver

          IT =  1  CORE   CHR:    10.000000000000
          IT =  1  CORE   SPN:    -0.000000000000

 *******************************************************************************
 *******************************************************************************
                   setting up new potential in <FPSCFNEWPOT>
 *******************************************************************************
 *******************************************************************************


 *******************************************************************************
                                 <RGNTSF_SETUP>
 *******************************************************************************

          for L1MAX =  4   L2MAX =  4   LSFMAX =  8
          number of Gaunt coefficients RGNTSF created:     165

     <SYMMETRIZE_FLMT_REP>  chr:  IT=  1   max rel diff =         0.0000000000

     charge neutrality     -0.000000000000 els.


     charge moments for atom type  IT =  1   Al

     LM            muffin-tin                 interstitial            total
      1      12.26876  (   3.46095)       0.73124  (   0.20628)      13.00000
     21      -0.59934  (  -0.16907)      22.64693  (   6.38858)      22.04759
     25      -0.50653  (  -0.14289)      19.14015  (   5.39934)      18.63361

     charge moments for atom site  IQ =  1   (including  -Z)

     LM            muffin-tin                 interstitial            total
      1      12.26876                     0.73124                    -0.00000
     21      -0.59934                    22.64693                    22.04759
     25      -0.50653                    19.14015                    18.63361

     atom type IT= 1  EPOTIN =   740.87031199
          0:    740.867602 1:      0.000000 2:      0.000000 3:      0.000000
          4:      0.002710

 *******************************************************************************
                                  total energies
 *******************************************************************************

 Fermi energy  0.652952 Ry

 contribution to total energy of atom type IT=  1   Al

 core     s:   -232.849124 p:    -24.670184 d:      0.000000 f:      0.000000
 valence  s:      0.229797 p:      0.533998 d:      0.192424
 Coulomb  0:   -932.730951 1:      0.000000 2:      0.000000 3:      0.000000
          4:     -0.001244
 ex.-cor. 0:    -35.427258 1:      0.000000 2:      0.000000 3:      0.000000
          4:      0.004941

 sum of single particle energies:   -256.5630892560
 total contribution of the atom:    -483.8472881870

 total energy                       -483.8472881870 Ry

 *******************************************************************************
          shift of muffin-tin zero  VMTZ  -0.677842
 *******************************************************************************

     iter.   1     average:  V =  1.0623D-06     B =  0.0000D+00

     execution time for last iteration         0.248 sec


 *******************************************************************************
   1 ERR 0.106E-05 0.000E+00 EF  0.65295 -0.00000 D   2.133 M   0.0000   0.0000
     ETOT       -483.84728819    SCF - cycle converged !!!!!!!!! 
 *******************************************************************************


 *******************************************************************************
 *******************************************************************************

          MPI process number  0  out of   4 processes
          calculation for task = SCF       
          finished in subroutine <SCF>
          SCF - cycle converged
          run time info  CPU          0.675 sec
                         WALL         0.384 sec

 *******************************************************************************
 *******************************************************************************

          program stopped regularly via STOP_REGULAR

Note: The following floating-point exceptions are signalling: IEEE_DENORMAL
